[backblue.gif]
[fade.gif]
[index.html]
[code.jquery.com/jquery-migrate-1.2.1.min.js]
[code.jquery.com/jquery-1.11.1.min.js]
[www.ram3.de/js/pace.js]
[www.ram3.de/js/modernizr.js]
[www.ram3.de/js/viewport-units-buggyfill.js]
[www.ram3.de/index.html]
[www.ram3.de/img/ram3.html]
[www.google-analytics.com/analytics.js]
[www.ram3.de/favicon.html]
[www.ram3.de/img/AppIcon-precomposed.html]
[code.jquery.com/ui/1.10.4/jquery-ui.min.js]
[www.ram3.de/img/AppIcon57.html]
[www.ram3.de/AppIcon76.html]
[www.ram3.de/img/AppIcon120.html]
[www.ram3.de/img/AppIcon152.html]
[www.ram3.de/css/style.html]
[www.ram3.de/css/font-awesome.min.html]
[www.ram3.de/img/ram3_herz.html]
[www.ram3.de/img/scrolldown1.html]
[www.ram3.de/img/scrolldown2.html]
[www.ram3.de/img/ram3_logo.html]
[www.ram3.de/img/balken2_unscharf.html]
[www.ram3.de/img/balken3_unscharf.html]
[www.ram3.de/img/ram3_head_01.html]
[www.ram3.de/img/ram3_tropfen.html]
[www.ram3.de/img/ram3_head_02.html]
[www.ram3.de/img/ram3_berg.html]
[www.ram3.de/img/ram3_me2.html]
[www.ram3.de/img/ram3_sheep_back.html]
[www.ram3.de/img/ram3_sheep3.html]
[www.ram3.de/impressum/index.html]
[www.ram3.de/js/jquery.fittext.html]
[www.ram3.de/js/scrollReveal.html]
[www.ram3.de/js/skrollr.min.html]
[www.ram3.de/js/scripts.min.html]
[www.ram3.de/js/jquery.nicescroll.html]
[s3.amazonaws.com/onepagelove/one-page-love-award-left.png]
[www.ram3.de/css/style.html]
[www.ram3.de/fonts/fontawesome-webfont78ce.woff]
[www.ram3.de/fonts/fontawesome-webfont78ce.svg]
[www.ram3.de/css/font-awesome.min.html]
[www.ram3.de/img/ram3_herz.html]
[www.ram3.de/img/scrolldown1.html]
[www.ram3.de/img/scrolldown2.html]
[www.ram3.de/img/ram3_logo.html]
[www.ram3.de/fonts/fontawesome-webfont78ce.ttf]
[www.ram3.de/css/reckoner-4.html]
[www.ram3.de/css/reckoner.html]
[www.ram3.de/css/reckoner-2.html]
[www.ram3.de/css/reckoner-3.html]
[www.ram3.de/css/reckoner_bold.html]
[www.ram3.de/css/reckoner_bold-4.html]
[www.ram3.de/img/ram3_loading.html]
[www.ram3.de/img/menu/ram3_menu_start.html]
[www.ram3.de/css/reckoner_bold-3.html]
[www.ram3.de/css/reckoner_bold-2.html]
[www.ram3.de/img/menu/ram3_menu_about.html]
[www.ram3.de/img/menu/ram3_menu_portfolio.html]
[www.ram3.de/img/menu/ram3_menu_skills.html]
[www.ram3.de/img/menu/ram3_menu_philoso.html]
[www.ram3.de/img/menu/ram3_menu_kontakt.html]
[www.ram3.de/img/love/ram3_love_website.html]
[www.ram3.de/img/love/ram3_love_track.html]
[www.ram3.de/img/love/ram3_love_art.html]
[www.ram3.de/img/love/ram3_love_film2.html]
[www.ram3.de/img/love/ram3_love_video.html]
[www.ram3.de/img/love/ram3_love_recipe.html]
[www.ram3.de/img/text2.html]
[www.ram3.de/img/ram3_logo_bg.html]
[www.ram3.de/img/projekte/mika/mikatitelimg.html]
[www.ram3.de/img/projekte/mika/ram3_thumb_mika_300.html]
[www.ram3.de/img/projekte/ram3/ram3_thumb.html]
[www.ram3.de/img/projekte/ram3/ram3_thumb_weitere.html]
[www.ram3.de/img/projekte/tws/ram3_thumb_tws_300.html]
[www.ram3.de/img/projekte/sw/ram3_thumb_sw.html]
[www.ram3.de/img/projekte/st/ram3_thumb_st.html]
[www.ram3.de/img/willkommen_bg.html]
[www.ram3.de/fonts/fontawesome-webfont78ce.html]
[www.ram3.de/fonts/fontawesome-webfont78ce.svg]
[www.ram3.de/img/E81EF4E0.html]
[www.ram3.de/img/A9622CF6.html]
[www.ram3.de/css/reckoner-4.html]
[www.ram3.de/css/reckoner_bold-4.html]
[www.ram3.de/img/763084B.png]
[www.ram3.de/img/ram3_logo_bg.html]
[www.ram3.de/fonts/fontawesome-webfontd41d.html]
